I'm sorry, but errors were detected in your script. Please correct the
errors listed below, and try again.


File "game/story.rpy", line 223: expected statement.
    Wait(5)
           ^

Ren'Py Version: Ren'Py 6.99.12.4.2187
